[straxon.webflow.io/index.html]
[backblue.gif]
[fade.gif]
[index.html]
[cdn.prod.website-files.com/6667d918c80d3c3ef174c92b/css/straxon.webflow.0548314f3.css]
[ajax.googleapis.com/ajax/libs/webfont/1.6.26/webfont.js]
[cdn.prod.website-files.com/6667d918c80d3c3ef174c92b/66b305c5f3e38cb268d6b357_32x32-2.png]
[cdn.prod.website-files.com/6667d918c80d3c3ef174c92b/66b305d3f3e38cb268d6b846_256x256.png]
[straxon.webflow.io/home-one.html]
[straxon.webflow.io/home-two.html]
[straxon.webflow.io/home-three.html]
[straxon.webflow.io/about-one.html]
[straxon.webflow.io/about-two.html]
[straxon.webflow.io/about-three.html]
[straxon.webflow.io/service-one.html]
[straxon.webflow.io/service-two.html]
[straxon.webflow.io/service-three.html]
[straxon.webflow.io/projects.html]
[straxon.webflow.io/team.html]
[straxon.webflow.io/404.html]
[straxon.webflow.io/pricing.html]
[straxon.webflow.io/blog-one.html]
[straxon.webflow.io/blog-two.html]
[straxon.webflow.io/blog-three.html]
[straxon.webflow.io/contact-one.html]
[straxon.webflow.io/contact-two.html]
[straxon.webflow.io/contact-three.html]
[straxon.webflow.io/projects/ai-interface-design.html]
[straxon.webflow.io/team-members/fred-smith.html]
[straxon.webflow.io/blog-posts/building-meaningful-connections-through-web-design-development.html]
[straxon.webflow.io/401.html]
[straxon.webflow.io/information/license.html]
[cdn.prod.website-files.com/6667d918c80d3c3ef174c92b/66c454be00356476c0919466_1.png]
[cdn.prod.website-files.com/6667d918c80d3c3ef174c92b/66c454be00356476c0919478_3.png]
[cdn.prod.website-files.com/6667d918c80d3c3ef174c92b/66c454be3e66c116285a348b_2.png]
[cdn.prod.website-files.com/6667d918c80d3c3ef174c92b/66c454be141b3a7d600c0fcf_4.png]
[d3e54v103j8qbb.cloudfront.net/js/jquery-3.5.1.min.dc5e7f18c817e0.js]
[straxon.webflow.io/index.html]
[cdn.prod.website-files.com/6667d918c80d3c3ef174c92b/js/webflow.c9b034237.js]
[cdn.prod.website-files.com/6667d918c80d3c3ef174c92b/66c2c4e335714222cbb39a3b_image section-2.png]
[cdn.prod.website-files.com/6667d918c80d3c3ef174c92b/css/straxon.webflow.0548314f3.css]
[straxon.webflow.io/projects/ui-ux-design.html]
[straxon.webflow.io/projects/web-graphic-design.html]
[straxon.webflow.io/projects/product-design.html]
[straxon.webflow.io/information/style-guide.html]
[straxon.webflow.io/home-one.html]
[straxon.webflow.io/information/changelog.html]
[straxon.webflow.io/_https_/cdn.prod.website-files.com/66b1b9255bbe3d03bd8e84c0/66bb3c8915f68898dd74261b_Portfolio Image Two.webp_]
[straxon.webflow.io/_https_/cdn.prod.website-files.com/66b1b9255bbe3d03bd8e84c0/66c82904b505252fc1de68e3_Mask group-2.webp_]
[straxon.webflow.io/_https_/cdn.prod.website-files.com/66b1b9255bbe3d03bd8e84c0/66bb3c457f9cd9ef4f75a4c0_Portfolio Image One.webp_]
[straxon.webflow.io/home-two.html]
[straxon.webflow.io/home-three.html]
[straxon.webflow.io/team-members/daniel-williams.html]
[straxon.webflow.io/team-members/ronald-pineda.html]
[straxon.webflow.io/about-one.html]
[straxon.webflow.io/about-two.html]
[straxon.webflow.io/about-three.html]
[straxon.webflow.io/team-members/lynne-miller.html]
[cdn.prod.website-files.com/6667d918c80d3c3ef174c92b/66c300c138c37f6586126257_Service Heading Image.png]
[straxon.webflow.io/_https_/cdn.prod.website-files.com/66b1b9255bbe3d03bd8e84c0/66bb3c29c0401296753cf5ec_Portfolio Image Three.webp_]
[straxon.webflow.io/service-one.html]
[straxon.webflow.io/service-two.html]
[straxon.webflow.io/service-three.html]
[straxon.webflow.io/projects/digital-art.html]
[straxon.webflow.io/_https_/cdn.prod.website-files.com/66b1b9255bbe3d03bd8e84c0/66bb3c0c81e9c95a94a89bd4_Portfolio Image Four.webp_]
[straxon.webflow.io/projects/brand-promotion.html]
[straxon.webflow.io/_https_/cdn.prod.website-files.com/66b1b9255bbe3d03bd8e84c0/66bb3be54f6a35839dca76d9_Portfolio Image Six.webp_]
[straxon.webflow.io/projects.html]
[straxon.webflow.io/team-members/tracy-sharber.html]
[straxon.webflow.io/team.html]
[straxon.webflow.io/404.html]
[straxon.webflow.io/pricing.html]
[straxon.webflow.io/team-members/robert-chun.html]
[straxon.webflow.io/_https_/cdn.prod.website-files.com/66b1b9255bbe3d03bd8e84c0/66b9eeb886d806b0064623d9_Blog Image One.webp_]
[cdn.prod.website-files.com/66b1b9255bbe3d03bd8e84c0/66b9eeb0837ebd11bdda8ca3_Author One.jpg]
[straxon.webflow.io/_https_/cdn.prod.website-files.com/66b1b9255bbe3d03bd8e84c0/66b9edfd8630b32c3bfafb8b_Blog Image Two.webp_]
[straxon.webflow.io/blog-posts/explore-10-tips-on-social-media-community-management.html]
[cdn.prod.website-files.com/66b1b9255bbe3d03bd8e84c0/66b9ee1a5a547bb2a692d5bd_Author Two.png]
[straxon.webflow.io/_https_/cdn.prod.website-files.com/66b1b9255bbe3d03bd8e84c0/66b9eda483ef1d208bb649e1_Blog Image Three.webp_]
[straxon.webflow.io/blog-posts/how-to-integrate-content-management-system.html]
[cdn.prod.website-files.com/66b1b9255bbe3d03bd8e84c0/66b9ed8dd186fd9645415c5c_Author Three.png]
[straxon.webflow.io/_https_/cdn.prod.website-files.com/66b1b9255bbe3d03bd8e84c0/66b9ed41a8ba8e759b99c86e_Blog Image Four.webp_]
[straxon.webflow.io/blog-posts/strategic-design-thinking-for-product-development.html]
[cdn.prod.website-files.com/66b1b9255bbe3d03bd8e84c0/66b9ed3966a6ad08b69931a9_Author Four.jpg]
[straxon.webflow.io/_https_/cdn.prod.website-files.com/66b1b9255bbe3d03bd8e84c0/66b9ecdb3609b138b3c236bf_Blog Image Five.webp_]
[straxon.webflow.io/blog-posts/small-steps-big-ideas-a-project-based-approach-to-creativity.html]
[cdn.prod.website-files.com/66b1b9255bbe3d03bd8e84c0/66b9ed0b769425248a5714c9_Author Five.png]
[straxon.webflow.io/_https_/cdn.prod.website-files.com/66b1b9255bbe3d03bd8e84c0/66b9ea918b3c69f12b5d305c_Blog Image Six.webp_]
[straxon.webflow.io/blog-posts/building-better-interfaces-for-a-seamless-user-journey.html]
[cdn.prod.website-files.com/66b1b9255bbe3d03bd8e84c0/66b9ec4886d806b00643903a_Author Six.jpg]
[straxon.webflow.io/blog-one.html]
[straxon.webflow.io/blog-two.html]
[straxon.webflow.io/blog-three.html]
[straxon.webflow.io/contact-one.html]
[straxon.webflow.io/contact-two.html]
[straxon.webflow.io/contact-three.html]
[straxon.webflow.io/projects/_https_/cdn.prod.website-files.com/66b1b9255bbe3d03bd8e84c0/66bb3c8915f68898dd74261b_Portfolio Image Two.webp_]
[straxon.webflow.io/projects/_https_/cdn.prod.website-files.com/66b1b9255bbe3d03bd8e84c0/66c82904b505252fc1de68e3_Mask group-2.webp_]
[straxon.webflow.io/projects/_https_/cdn.prod.website-files.com/66b1b9255bbe3d03bd8e84c0/66bb3c457f9cd9ef4f75a4c0_Portfolio Image One.webp_]
[straxon.webflow.io/projects/_https_/cdn.prod.website-files.com/66b1b9255bbe3d03bd8e84c0/66bb3c29c0401296753cf5ec_Portfolio Image Three.webp_]
[straxon.webflow.io/projects/ai-interface-design.html]
[straxon.webflow.io/team-members/fred-smith.html]
[straxon.webflow.io/blog-posts/building-meaningful-connections-through-web-design-development.html]
[straxon.webflow.io/401.html]
[straxon.webflow.io/information/license.html]
[straxon.webflow.io/projects/ui-ux-design.html]
[straxon.webflow.io/projects/web-graphic-design.html]
[straxon.webflow.io/projects/product-design.html]
[straxon.webflow.io/information/style-guide.html]
[straxon.webflow.io/information/changelog.html]
[straxon.webflow.io/_https_/cdn.prod.website-files.com/66b1b9255bbe3d03bd8e84c0/66bb3c8915f68898dd74261b_Portfolio Image Two.html]
[straxon.webflow.io/_https_/cdn.prod.website-files.com/66b1b9255bbe3d03bd8e84c0/66c82904b505252fc1de68e3_Mask group-2.html]
[straxon.webflow.io/_https_/cdn.prod.website-files.com/66b1b9255bbe3d03bd8e84c0/66bb3c457f9cd9ef4f75a4c0_Portfolio Image One.html]
[straxon.webflow.io/team-members/daniel-williams.html]
[straxon.webflow.io/team-members/ronald-pineda.html]
[straxon.webflow.io/team-members/lynne-miller.html]
[straxon.webflow.io/_https_/cdn.prod.website-files.com/66b1b9255bbe3d03bd8e84c0/66bb3c29c0401296753cf5ec_Portfolio Image Three.html]
[straxon.webflow.io/projects/digital-art.html]
[straxon.webflow.io/_https_/cdn.prod.website-files.com/66b1b9255bbe3d03bd8e84c0/66bb3c0c81e9c95a94a89bd4_Portfolio Image Four.html]
[straxon.webflow.io/projects/brand-promotion.html]
[straxon.webflow.io/_https_/cdn.prod.website-files.com/66b1b9255bbe3d03bd8e84c0/66bb3be54f6a35839dca76d9_Portfolio Image Six.html]
[straxon.webflow.io/team-members/tracy-sharber.html]
[straxon.webflow.io/team-members/robert-chun.html]
[straxon.webflow.io/_https_/cdn.prod.website-files.com/66b1b9255bbe3d03bd8e84c0/66b9eeb886d806b0064623d9_Blog Image One.html]
[straxon.webflow.io/_https_/cdn.prod.website-files.com/66b1b9255bbe3d03bd8e84c0/66b9edfd8630b32c3bfafb8b_Blog Image Two.html]
[straxon.webflow.io/blog-posts/explore-10-tips-on-social-media-community-management.html]
[straxon.webflow.io/_https_/cdn.prod.website-files.com/66b1b9255bbe3d03bd8e84c0/66b9eda483ef1d208bb649e1_Blog Image Three.html]
[straxon.webflow.io/blog-posts/how-to-integrate-content-management-system.html]
[straxon.webflow.io/_https_/cdn.prod.website-files.com/66b1b9255bbe3d03bd8e84c0/66b9ed41a8ba8e759b99c86e_Blog Image Four.html]
[straxon.webflow.io/blog-posts/strategic-design-thinking-for-product-development.html]
[straxon.webflow.io/_https_/cdn.prod.website-files.com/66b1b9255bbe3d03bd8e84c0/66b9ecdb3609b138b3c236bf_Blog Image Five.html]
[straxon.webflow.io/blog-posts/small-steps-big-ideas-a-project-based-approach-to-creativity.html]
[straxon.webflow.io/_https_/cdn.prod.website-files.com/66b1b9255bbe3d03bd8e84c0/66b9ea918b3c69f12b5d305c_Blog Image Six.html]
[straxon.webflow.io/blog-posts/building-better-interfaces-for-a-seamless-user-journey.html]
[straxon.webflow.io/projects/_https_/cdn.prod.website-files.com/66b1b9255bbe3d03bd8e84c0/66bb3c8915f68898dd74261b_Portfolio Image Two.html]
[straxon.webflow.io/projects/_https_/cdn.prod.website-files.com/66b1b9255bbe3d03bd8e84c0/66c82904b505252fc1de68e3_Mask group-2.html]
[straxon.webflow.io/projects/_https_/cdn.prod.website-files.com/66b1b9255bbe3d03bd8e84c0/66bb3c457f9cd9ef4f75a4c0_Portfolio Image One.html]
[straxon.webflow.io/projects/_https_/cdn.prod.website-files.com/66b1b9255bbe3d03bd8e84c0/66bb3c29c0401296753cf5ec_Portfolio Image Three.html]
